Release 14.7 - xst P.20131013 (lin64)
Copyright (c) 1995-2013 Xilinx, Inc.  All rights reserved.
--> 
Parameter TMPDIR set to xst/projnav.tmp


Total REAL time to Xst completion: 0.00 secs
Total CPU time to Xst completion: 0.08 secs
 
--> 
Parameter xsthdpdir set to xst


Total REAL time to Xst completion: 0.00 secs
Total CPU time to Xst completion: 0.09 secs
 
--> 
Reading design: Contador0a2.prj

TABLE OF CONTENTS
  1) Synthesis Options Summary
  2) HDL Compilation
  3) Design Hierarchy Analysis
  4) HDL Analysis
  5) HDL Synthesis
     5.1) HDL Synthesis Report
  6) Advanced HDL Synthesis
     6.1) Advanced HDL Synthesis Report
  7) Low Level Synthesis
  8) Partition Report
  9) Final Report
	9.1) Device utilization summary
	9.2) Partition Resource Summary
	9.3) TIMING REPORT


=========================================================================
*                      Synthesis Options Summary                        *
=========================================================================
---- Source Parameters
Input File Name                    : "Contador0a2.prj"
Input Format                       : mixed
Ignore Synthesis Constraint File   : NO

---- Target Parameters
Output File Name                   : "Contador0a2"
Output Format                      : NGC
Target Device                      : xc3s100e-4-cp132

---- Source Options
Top Module Name                    : Contador0a2
Automatic FSM Extraction           : YES
FSM Encoding Algorithm             : Auto
Safe Implementation                : No
FSM Style                          : LUT
RAM Extraction                     : Yes
RAM Style                          : Auto
ROM Extraction                     : Yes
Mux Style                          : Auto
Decoder Extraction                 : YES
Priority Encoder Extraction        : Yes
Shift Register Extraction          : YES
Logical Shifter Extraction         : YES
XOR Collapsing                     : YES
ROM Style                          : Auto
Mux Extraction                     : Yes
Resource Sharing                   : YES
Asynchronous To Synchronous        : NO
Multiplier Style                   : Auto
Automatic Register Balancing       : No

---- Target Options
Add IO Buffers                     : YES
Global Maximum Fanout              : 100000
Add Generic Clock Buffer(BUFG)     : 24
Register Duplication               : YES
Slice Packing                      : YES
Optimize Instantiated Primitives   : NO
Use Clock Enable                   : Yes
Use Synchronous Set                : Yes
Use Synchronous Reset              : Yes
Pack IO Registers into IOBs        : Auto
Equivalent register Removal        : YES

---- General Options
Optimization Goal                  : Speed
Optimization Effort                : 1
Keep Hierarchy                     : No
Netlist Hierarchy                  : As_Optimized
RTL Output                         : Yes
Global Optimization                : AllClockNets
Read Cores                         : YES
Write Timing Constraints           : NO
Cross Clock Analysis               : NO
Hierarchy Separator                : /
Bus Delimiter                      : <>
Case Specifier                     : Maintain
Slice Utilization Ratio            : 100
BRAM Utilization Ratio             : 100
Verilog 2001                       : YES
Auto BRAM Packing                  : NO
Slice Utilization Ratio Delta      : 5

=========================================================================


=========================================================================
*                          HDL Compilation                              *
=========================================================================
Compiling vhdl file "/home/ise/Documents/Contador0a2Proj/Contador0a2.vhd" in Library work.
Entity <contador0a2> compiled.
Entity <contador0a2> (Architecture <behavioral>) compiled.

=========================================================================
*                     Design Hierarchy Analysis                         *
=========================================================================
Analyzing hierarchy for entity <Contador0a2> in library <work> (architecture <behavioral>).


=========================================================================
*                            HDL Analysis                               *
=========================================================================
Analyzing Entity <Contador0a2> in library <work> (Architecture <behavioral>).
WARNING:Xst:819 - "/home/ise/Documents/Contador0a2Proj/Contador0a2.vhd" line 40: One or more signals are missing in the process sensitivity list. To enable synthesis of FPGA/CPLD hardware, XST will assume that all necessary signals are present in the sensitivity list. Please note that the result of the synthesis may differ from the initial design specification. The missing signals are:
   <adjust_debounce>
Entity <Contador0a2> analyzed. Unit <Contador0a2> generated.


=========================================================================
*                           HDL Synthesis                               *
=========================================================================

Performing bidirectional port resolution...

Synthesizing Unit <Contador0a2>.
    Related source file is "/home/ise/Documents/Contador0a2Proj/Contador0a2.vhd".
INFO:Xst:1608 - Relative priorities of control signals on register <internal_count> differ from those commonly found in the selected device family. This will result in additional logic around the register.
INFO:Xst:1608 - Relative priorities of control signals on register <LAP> differ from those commonly found in the selected device family. This will result in additional logic around the register.
WARNING:Xst:737 - Found 1-bit latch for signal <adjust_debounce>. Latches may be generated from incomplete case or if statements. We do not recommend the use of latches in FPGA/CPLD designs, as they may lead to timing problems.
    Found 1-bit register for signal <LAP>.
    Found 4-bit register for signal <internal_count>.
    Found 4-bit adder for signal <internal_count$addsub0000> created at line 53.
    Summary:
	inferred   5 D-type flip-flop(s).
	inferred   1 Adder/Subtractor(s).
Unit <Contador0a2> synthesized.


=========================================================================
HDL Synthesis Report

Macro Statistics
# Adders/Subtractors                                   : 1
 4-bit adder                                           : 1
# Registers                                            : 5
 1-bit register                                        : 5
# Latches                                              : 1
 1-bit latch                                           : 1

=========================================================================

=========================================================================
*                       Advanced HDL Synthesis                          *
=========================================================================


=========================================================================
Advanced HDL Synthesis Report

Macro Statistics
# Adders/Subtractors                                   : 1
 4-bit adder                                           : 1
# Registers                                            : 5
 Flip-Flops                                            : 5
# Latches                                              : 1
 1-bit latch                                           : 1

=========================================================================

=========================================================================
*                         Low Level Synthesis                           *
=========================================================================

Optimizing unit <Contador0a2> ...

Mapping all equations...
Building and optimizing final netlist ...
Found area constraint ratio of 100 (+ 5) on block Contador0a2, actual ratio is 1.

Final Macro Processing ...

=========================================================================
Final Register Report

Macro Statistics
# Registers                                            : 5
 Flip-Flops                                            : 5

=========================================================================

=========================================================================
*                           Partition Report                            *
=========================================================================

Partition Implementation Status
-------------------------------

  No Partitions were found in this design.

-------------------------------

=========================================================================
*                            Final Report                               *
=========================================================================
Final Results
RTL Top Level Output File Name     : Contador0a2.ngr
Top Level Output File Name         : Contador0a2
Output Format                      : NGC
Optimization Goal                  : Speed
Keep Hierarchy                     : No

Design Statistics
# IOs                              : 10

Cell Usage :
# BELS                             : 20
#      GND                         : 1
#      LUT2                        : 2
#      LUT3                        : 5
#      LUT4                        : 11
#      MUXF5                       : 1
# FlipFlops/Latches                : 6
#      FDCPE                       : 5
#      LDPE_1                      : 1
# Clock Buffers                    : 2
#      BUFG                        : 1
#      BUFGP                       : 1
# IO Buffers                       : 9
#      IBUF                        : 3
#      OBUF                        : 6
=========================================================================

Device utilization summary:
---------------------------

Selected Device : 3s100ecp132-4 

 Number of Slices:                       10  out of    960     1%  
 Number of Slice Flip Flops:              6  out of   1920     0%  
 Number of 4 input LUTs:                 18  out of   1920     0%  
 Number of IOs:                          10
 Number of bonded IOBs:                  10  out of     83    12%  
 Number of GCLKs:                         2  out of     24     8%  

---------------------------
Partition Resource Summary:
---------------------------

  No Partitions were found in this design.

---------------------------


=========================================================================
TIMING REPORT

NOTE: THESE TIMING NUMBERS ARE ONLY A SYNTHESIS ESTIMATE.
      FOR ACCURATE TIMING INFORMATION PLEASE REFER TO THE TRACE REPORT
      GENERATED AFTER PLACE-and-ROUTE.

Clock Information:
------------------
-----------------------------------+------------------------+-------+
Clock Signal                       | Clock buffer(FF name)  | Load  |
-----------------------------------+------------------------+-------+
CLK                                | BUFGP                  | 5     |
ADJUST                             | IBUF+BUFG              | 1     |
-----------------------------------+------------------------+-------+

Asynchronous Control Signals Information:
----------------------------------------
--------------------------------------------------------+------------------------+-------+
Control Signal                                          | Buffer(FF name)        | Load  |
--------------------------------------------------------+------------------------+-------+
LAP_and0000(LAP_and00001:O)                             | NONE(LAP)              | 1     |
LAP_and0001(LAP_and00011:O)                             | NONE(LAP)              | 1     |
adjust_debounce_and0000(adjust_debounce_and00001:O)     | NONE(adjust_debounce)  | 1     |
internal_count_0_and0000(internal_count_0_and00001:O)   | NONE(internal_count_0) | 1     |
internal_count_0_or0000(internal_count_0_or00001:O)     | NONE(internal_count_0) | 1     |
internal_count_1_and0000(internal_count_1_and00001:O)   | NONE(internal_count_1) | 1     |
internal_count_1_or0000(internal_count_1_or00001:O)     | NONE(internal_count_1) | 1     |
internal_count_2_and0000(internal_count_2_and00001_f5:O)| NONE(internal_count_2) | 1     |
internal_count_2_or0000(internal_count_2_or00001:O)     | NONE(internal_count_2) | 1     |
internal_count_3_and0000(internal_count_3_and00001:O)   | NONE(internal_count_3) | 1     |
internal_count_3_or0000(internal_count_3_or00001:O)     | NONE(internal_count_3) | 1     |
--------------------------------------------------------+------------------------+-------+

Timing Summary:
---------------
Speed Grade: -4

   Minimum period: 2.535ns (Maximum Frequency: 394.477MHz)
   Minimum input arrival time before clock: 3.741ns
   Maximum output required time after clock: 5.962ns
   Maximum combinational path delay: No path found

Timing Detail:
--------------
All values displayed in nanoseconds (ns)

=========================================================================
Timing constraint: Default period analysis for Clock 'CLK'
  Clock period: 2.535ns (frequency: 394.477MHz)
  Total number of paths / destination ports: 19 / 5
-------------------------------------------------------------------------
Delay:               2.535ns (Levels of Logic = 1)
  Source:            internal_count_0 (FF)
  Destination:       internal_count_2 (FF)
  Source Clock:      CLK rising
  Destination Clock: CLK rising

  Data Path: internal_count_0 to internal_count_2
                                Gate     Net
    Cell:in->out      fanout   Delay   Delay  Logical Name (Net Name)
    ----------------------------------------  ------------
     FDCPE:C->Q            8   0.591   0.932  internal_count_0 (internal_count_0)
     LUT3:I0->O            2   0.704   0.000  internal_count_mux0000<1>1 (internal_count_mux0000<1>)
     FDCPE:D                   0.308          internal_count_2
    ----------------------------------------
    Total                      2.535ns (1.603ns logic, 0.932ns route)
                                       (63.2% logic, 36.8% route)

=========================================================================
Timing constraint: Default period analysis for Clock 'ADJUST'
  Clock period: 2.214ns (frequency: 451.671MHz)
  Total number of paths / destination ports: 1 / 1
-------------------------------------------------------------------------
Delay:               2.214ns (Levels of Logic = 0)
  Source:            adjust_debounce (LATCH)
  Destination:       adjust_debounce (LATCH)
  Source Clock:      ADJUST rising
  Destination Clock: ADJUST rising

  Data Path: adjust_debounce to adjust_debounce
                                Gate     Net
    Cell:in->out      fanout   Delay   Delay  Logical Name (Net Name)
    ----------------------------------------  ------------
     LDPE_1:G->Q          13   0.676   0.983  adjust_debounce (adjust_debounce)
     LDPE_1:GE                 0.555          adjust_debounce
    ----------------------------------------
    Total                      2.214ns (1.231ns logic, 0.983ns route)
                                       (55.6% logic, 44.4% route)

=========================================================================
Timing constraint: Default OFFSET IN BEFORE for Clock 'CLK'
  Total number of paths / destination ports: 6 / 5
-------------------------------------------------------------------------
Offset:              3.741ns (Levels of Logic = 2)
  Source:            LAP_ENABLE (PAD)
  Destination:       LAP (FF)
  Destination Clock: CLK rising

  Data Path: LAP_ENABLE to LAP
                                Gate     Net
    Cell:in->out      fanout   Delay   Delay  Logical Name (Net Name)
    ----------------------------------------  ------------
     IBUF:I->O             6   1.218   0.844  LAP_ENABLE_IBUF (LAP_ENABLE_IBUF)
     LUT2:I0->O            1   0.704   0.420  LAP_and00021 (LAP_and0002)
     FDCPE:CE                  0.555          LAP
    ----------------------------------------
    Total                      3.741ns (2.477ns logic, 1.264ns route)
                                       (66.2% logic, 33.8% route)

=========================================================================
Timing constraint: Default OFFSET OUT AFTER for Clock 'CLK'
  Total number of paths / destination ports: 9 / 6
-------------------------------------------------------------------------
Offset:              5.962ns (Levels of Logic = 2)
  Source:            internal_count_3 (FF)
  Destination:       MAX (PAD)
  Source Clock:      CLK rising

  Data Path: internal_count_3 to MAX
                                Gate     Net
    Cell:in->out      fanout   Delay   Delay  Logical Name (Net Name)
    ----------------------------------------  ------------
     FDCPE:C->Q            5   0.591   0.808  internal_count_3 (internal_count_3)
     LUT4:I0->O            4   0.704   0.587  MAX_cmp_eq00001 (MAX_OBUF)
     OBUF:I->O                 3.272          MAX_OBUF (MAX)
    ----------------------------------------
    Total                      5.962ns (4.567ns logic, 1.395ns route)
                                       (76.6% logic, 23.4% route)

=========================================================================


Total REAL time to Xst completion: 9.00 secs
Total CPU time to Xst completion: 9.31 secs
 
--> 


Total memory usage is 607884 kilobytes

Number of errors   :    0 (   0 filtered)
Number of warnings :    2 (   0 filtered)
Number of infos    :    2 (   0 filtered)

