AR contador0a9 behavioral /home/ise/Documents/Contador0a9Proj/Contador0a9.vhd sub00/vhpl04 1684717324
AR contador0a5 behavioral /home/ise/Documents/Contador0a5Proj/Contador0a5.vhd sub00/vhpl02 1684717322
EN contador0a5 NULL /home/ise/Documents/Contador0a5Proj/Contador0a5.vhd sub00/vhpl01 1684717321
EN contador0a9 NULL /home/ise/Documents/Contador0a9Proj/Contador0a9.vhd sub00/vhpl03 1684717323
AR contadorminutos behavioral /home/ise/Documents/ContadorMinutosProj/ContadorMinutos.vhd sub00/vhpl05 1684717326
EN contadorminutos NULL /home/ise/Documents/ContadorMinutosProj/ContadorMinutos.vhd sub00/vhpl00 1684717325
