AR contador0a9 behavioral /home/ise/Documents/Contador0a9Proj/Contador0a9.vhd sub00/vhpl01 1684716960
AR contador0a9reset3onflag behavioral /home/ise/Documents/Contador0a9Proj/Contador0a9Reset3OnFlag.vhd sub00/vhpl03 1684716836
EN contador0a9 NULL /home/ise/Documents/Contador0a9Proj/Contador0a9.vhd sub00/vhpl00 1684716959
EN contador0a9reset3onflag NULL /home/ise/Documents/Contador0a9Proj/Contador0a9Reset3OnFlag.vhd sub00/vhpl02 1684716835
