EN reg4bits NULL /home/ise/Documents/RegisterProj/reg4bits.vhd sub00/vhpl30 1684919690
AR decoder7seg behavioral /home/ise/Documents/Decoder7SegmentDisplayProj/decoder7seg.vhd sub00/vhpl27 1684919687
AR controladordemux behavioral /home/ise/Documents/ControladorDemuxProj/ControladorDemux.vhd sub00/vhpl25 1684919685
AR contadorhoraminuto behavioral /home/ise/Documents/ContadorHoraMinutoProj/ContadorHoraMinuto.vhd sub00/vhpl21 1684919681
AR mux4x4 behavioral /home/ise/Documents/MuxProj/mux4x4.vhd sub00/vhpl29 1684919689
AR contador0a9 behavioral /home/ise/Documents/Contador0a9Proj/Contador0a9.vhd sub00/vhpl03 1684919661
EN demux4x1bit NULL /home/ise/Documents/Demux4x1bitProj/Demux4x1bit.vhd sub00/vhpl10 1684919668
AR divisorfrequencia_60hz behavioral /home/ise/Documents/DivisorFrequenciaProj/DivisorFrequencia_60Hz.vhd sub00/vhpl19 1684919679
AR contador0a5 behavioral /home/ise/Documents/Contador0a5Proj/Contador0a5.vhd sub00/vhpl01 1684919659
AR contador0a9reset3onflag behavioral /home/ise/Documents/Contador0a9Proj/Contador0a9Reset3OnFlag.vhd sub00/vhpl07 1684919665
AR contador0a3 behavioral /home/ise/Documents/Contador0a3Proj/Contador0a3.vhd sub00/vhpl09 1684919667
AR controladordemuxdisplay behavioral /home/ise/Documents/ControladorDemuxProj/ControladorDemuxDisplay.vhd sub00/vhpl23 1684919683
EN relogiodigitalfd NULL /home/ise/Documents/RelogioDigitalProj/RelogioDigitalFD.vhd sub00/vhpl32 1684919692
EN controladordemuxdisplay NULL /home/ise/Documents/ControladorDemuxProj/ControladorDemuxDisplay.vhd sub00/vhpl22 1684919682
EN contadorhoras NULL /home/ise/Documents/ContadorHorasProj/ContadorHoras.vhd sub00/vhpl12 1684919672
EN decoder7seg NULL /home/ise/Documents/Decoder7SegmentDisplayProj/decoder7seg.vhd sub00/vhpl26 1684919686
EN contador0a2 NULL /home/ise/Documents/Contador0a2Proj/Contador0a2.vhd sub00/vhpl04 1684919662
EN contador0a3 NULL /home/ise/Documents/Contador0a3Proj/Contador0a3.vhd sub00/vhpl08 1684919666
EN contador0a5 NULL /home/ise/Documents/Contador0a5Proj/Contador0a5.vhd sub00/vhpl00 1684919658
EN divisorfrequencia_10hz NULL /home/ise/Documents/DivisorFrequenciaProj/DivisorFrequencia.vhd sub00/vhpl16 1684919676
EN contador0a9 NULL /home/ise/Documents/Contador0a9Proj/Contador0a9.vhd sub00/vhpl02 1684919660
AR demux4x1bit behavioral /home/ise/Documents/Demux4x1bitProj/Demux4x1bit.vhd sub00/vhpl11 1684919669
AR reg4bits behavioral /home/ise/Documents/RegisterProj/reg4bits.vhd sub00/vhpl31 1684919691
AR contadorhoras behavioral /home/ise/Documents/ContadorHorasProj/ContadorHoras.vhd sub00/vhpl13 1684919673
EN mux4x4 NULL /home/ise/Documents/MuxProj/mux4x4.vhd sub00/vhpl28 1684919688
EN controladordemux NULL /home/ise/Documents/ControladorDemuxProj/ControladorDemux.vhd sub00/vhpl24 1684919684
AR contadorminutos behavioral /home/ise/Documents/ContadorMinutosProj/ContadorMinutos.vhd sub00/vhpl15 1684919675
EN contadorminutos NULL /home/ise/Documents/ContadorMinutosProj/ContadorMinutos.vhd sub00/vhpl14 1684919674
AR demux4x1bit_rest1 behavioral /home/ise/Documents/Demux4x1bitProj/Demux4x1bit_rest1.vhd sub00/vhpl35 1684919671
EN demux4x1bit_rest1 NULL /home/ise/Documents/Demux4x1bitProj/Demux4x1bit_rest1.vhd sub00/vhpl34 1684919670
AR divisorfrequencia_10hz behavioral /home/ise/Documents/DivisorFrequenciaProj/DivisorFrequencia.vhd sub00/vhpl17 1684919677
EN divisorfrequencia_60hz NULL /home/ise/Documents/DivisorFrequenciaProj/DivisorFrequencia_60Hz.vhd sub00/vhpl18 1684919678
AR contador0a2 behavioral /home/ise/Documents/Contador0a2Proj/Contador0a2.vhd sub00/vhpl05 1684919663
EN contadorhoraminuto NULL /home/ise/Documents/ContadorHoraMinutoProj/ContadorHoraMinuto.vhd sub00/vhpl20 1684919680
AR relogiodigitalfd behavioral /home/ise/Documents/RelogioDigitalProj/RelogioDigitalFD.vhd sub00/vhpl33 1684919693
EN contador0a9reset3onflag NULL /home/ise/Documents/Contador0a9Proj/Contador0a9Reset3OnFlag.vhd sub00/vhpl06 1684919664
