EN divisorfrequencia NULL /home/ise/Documents/DivisorFrequenciaProj/DivisorFrequencia.vhd sub00/vhpl00 1684468502
EN divisorfrequencia_1hz_10hz NULL /home/ise/Documents/DivisorFrequenciaProj/DivisorFrequencia.vhd sub00/vhpl02 1684471504
AR divisorfrequencia_1hz_10hz behavioral /home/ise/Documents/DivisorFrequenciaProj/DivisorFrequencia.vhd sub00/vhpl03 1684471505
EN divisorfrequencia_10hz NULL /home/ise/Documents/DivisorFrequenciaProj/DivisorFrequencia.vhd sub00/vhpl04 1684471664
AR divisorfrequencia behavioral /home/ise/Documents/DivisorFrequenciaProj/DivisorFrequencia.vhd sub00/vhpl01 1684468503
AR divisorfrequencia_10hz behavioral /home/ise/Documents/DivisorFrequenciaProj/DivisorFrequencia.vhd sub00/vhpl05 1684471665
