AR contador0a9 behavioral /home/ise/Documents/Contador0a9Proj/Contador0a9.vhd sub00/vhpl04 1684458808
AR contador0a9reset3onflag behavioral /home/ise/Documents/Contador0a9Proj/Contador0a9Reset3OnFlag.vhd sub00/vhpl07 1684717480
EN contadorhoras NULL /home/ise/Documents/ContadorHorasProj/ContadorHoras.vhd sub00/vhpl00 1684717481
EN contador0a2 NULL /home/ise/Documents/Contador0a2Proj/Contador0a2.vhd sub00/vhpl01 1684717477
EN contador0a9 NULL /home/ise/Documents/Contador0a9Proj/Contador0a9.vhd sub00/vhpl03 1684458807
AR contadorhoras behavioral /home/ise/Documents/ContadorHorasProj/ContadorHoras.vhd sub00/vhpl05 1684717482
AR contador0a2 behavioral /home/ise/Documents/Contador0a2Proj/Contador0a2.vhd sub00/vhpl02 1684717478
EN contador0a9reset3onflag NULL /home/ise/Documents/Contador0a9Proj/Contador0a9Reset3OnFlag.vhd sub00/vhpl06 1684717479
