V3 14
FL /home/ise/Documents/Contador0a2Proj/Contador0a2.vhd 2023/05/22.00:42:19 P.20131013
EN work/Contador0a2 1684717477 \
      FL /home/ise/Documents/Contador0a2Proj/Contador0a2.vhd \
      PB ieee/std_logic_1164 1381692176 PB ieee/NUMERIC_STD 1381692181
AR work/Contador0a2/Behavioral 1684717478 \
      FL /home/ise/Documents/Contador0a2Proj/Contador0a2.vhd EN work/Contador0a2 1684717477
FL /home/ise/Documents/Contador0a9Proj/Contador0a9.vhd 2023/05/18.23:33:55 P.20131013
EN work/Contador0a9 1684458807 \
      FL /home/ise/Documents/Contador0a9Proj/Contador0a9.vhd \
      PB ieee/std_logic_1164 1381692176 PB ieee/NUMERIC_STD 1381692181
AR work/Contador0a9/Behavioral 1684458808 \
      FL /home/ise/Documents/Contador0a9Proj/Contador0a9.vhd EN work/Contador0a9 1684458807
FL /home/ise/Documents/Contador0a9Proj/Contador0a9Reset3OnFlag.vhd 2023/05/22.00:53:51 P.20131013
EN work/Contador0a9Reset3OnFlag 1684717479 \
      FL /home/ise/Documents/Contador0a9Proj/Contador0a9Reset3OnFlag.vhd \
      PB ieee/std_logic_1164 1381692176 PB ieee/NUMERIC_STD 1381692181
AR work/Contador0a9Reset3OnFlag/Behavioral 1684717480 \
      FL /home/ise/Documents/Contador0a9Proj/Contador0a9Reset3OnFlag.vhd \
      EN work/Contador0a9Reset3OnFlag 1684717479
FL /home/ise/Documents/ContadorHorasProj/ContadorHoras.vhd 2023/05/22.01:04:33 P.20131013
EN work/ContadorHoras 1684717481 \
      FL /home/ise/Documents/ContadorHorasProj/ContadorHoras.vhd \
      PB ieee/std_logic_1164 1381692176
AR work/ContadorHoras/Behavioral 1684717482 \
      FL /home/ise/Documents/ContadorHorasProj/ContadorHoras.vhd \
      EN work/ContadorHoras 1684717481 CP Contador0a2 CP Contador0a9Reset3OnFlag
