V3 6
FL /home/ise/Documents/Demux4x1bitProj/Demux4x1bit.vhd 2023/05/19.01:46:05 P.20131013
EN work/Demux4x1bit 1684460771 \
      FL /home/ise/Documents/Demux4x1bitProj/Demux4x1bit.vhd \
      PB ieee/std_logic_1164 1381692176
AR work/Demux4x1bit/Behavioral 1684460772 \
      FL /home/ise/Documents/Demux4x1bitProj/Demux4x1bit.vhd EN work/Demux4x1bit 1684460771
FL /home/ise/Documents/Demux4x1bitProj/Demux4x1bit_rest1.vhd 2023/05/24.01:33:46 P.20131013
EN work/Demux4x1bit_rest1 1684892031 \
      FL /home/ise/Documents/Demux4x1bitProj/Demux4x1bit_rest1.vhd \
      PB ieee/std_logic_1164 1381692176
AR work/Demux4x1bit_rest1/Behavioral 1684892032 \
      FL /home/ise/Documents/Demux4x1bitProj/Demux4x1bit_rest1.vhd \
      EN work/Demux4x1bit_rest1 1684892031
