V3 11
FL /home/ise/Documents/Contador0a3Proj/Contador0a3.vhd 2023/05/21.16:18:00 P.20131013
EN work/Contador0a3 1684702987 \
      FL /home/ise/Documents/Contador0a3Proj/Contador0a3.vhd \
      PB ieee/std_logic_1164 1381692176 PB ieee/NUMERIC_STD 1381692181
AR work/Contador0a3/Behavioral 1684702988 \
      FL /home/ise/Documents/Contador0a3Proj/Contador0a3.vhd EN work/Contador0a3 1684702987
FL /home/ise/Documents/ControladorDemuxProj/ControladorDemux.vhd 2023/05/21.21:03:03 P.20131013
EN work/ControladorDemux 1684702991 \
      FL /home/ise/Documents/ControladorDemuxProj/ControladorDemux.vhd \
      PB ieee/std_logic_1164 1381692176
AR work/ControladorDemux/Behavioral 1684702992 \
      FL /home/ise/Documents/ControladorDemuxProj/ControladorDemux.vhd \
      EN work/ControladorDemux 1684702991 CP Contador0a3 CP Demux4x1bit
FL /home/ise/Documents/Demux4x1bitProj/Demux4x1bit.vhd 2023/05/19.01:46:05 P.20131013
EN work/Demux4x1bit 1684702989 \
      FL /home/ise/Documents/Demux4x1bitProj/Demux4x1bit.vhd \
      PB ieee/std_logic_1164 1381692176
AR work/Demux4x1bit/Behavioral 1684702990 \
      FL /home/ise/Documents/Demux4x1bitProj/Demux4x1bit.vhd EN work/Demux4x1bit 1684702989
